// Jest Snapshot v1, https://goo.gl/fbAQLP

exports[`render day render day 1`] = `
<div
  className="MuiBox-root MuiBox-root-2"
>
  <h4
    className="MuiTypography-root MuiTypography-h4"
  >
    Monday
  </h4>
  <ul
    className="MuiList-root list MuiList-padding"
  >
    <li
      className="MuiListItem-root MuiListItem-gutters"
      disabled={false}
    >
      <div
        className="MuiPaper-root MuiPaper-elevation1 MuiCard-root card MuiPaper-rounded"
      >
        <div
          className="MuiCardContent-root"
        >
          <div
            className="MuiBox-root MuiBox-root-77"
          >
            <p
              className="MuiTypography-root title MuiTypography-body1 MuiTypography-colorTextSecondary MuiTypography-gutterBottom"
            >
              13:00
            </p>
            <p
              className="MuiTypography-root title MuiTypography-body1 MuiTypography-colorTextSecondary MuiTypography-gutterBottom"
            >
              6/52
            </p>
          </div>
          <h2
            className="MuiTypography-root MuiTypography-h5"
          >
            Lorem ipsum dolor
          </h2>
          <p
            className="MuiTypography-root MuiTypography-body1 MuiTypography-colorTextSecondary"
          >
            Lorem ipsum dolor
          </p>
        </div>
      </div>
    </li>
    <li
      className="MuiListItem-root MuiListItem-gutters"
      disabled={false}
    >
      <div
        className="MuiPaper-root MuiPaper-elevation1 MuiCard-root card MuiPaper-rounded"
      >
        <div
          className="MuiCardContent-root"
        >
          <div
            className="MuiBox-root MuiBox-root-78"
          >
            <p
              className="MuiTypography-root title MuiTypography-body1 MuiTypography-colorTextSecondary MuiTypography-gutterBottom"
            >
              13:00
            </p>
            <p
              className="MuiTypography-root title MuiTypography-body1 MuiTypography-colorTextSecondary MuiTypography-gutterBottom"
            >
              6/52
            </p>
          </div>
          <h2
            className="MuiTypography-root MuiTypography-h5"
          >
            Lorem ipsum dolor
          </h2>
          <p
            className="MuiTypography-root MuiTypography-body1 MuiTypography-colorTextSecondary"
          >
            Lorem ipsum dolor
          </p>
        </div>
      </div>
    </li>
    <li
      className="MuiListItem-root MuiListItem-gutters"
      disabled={false}
    >
      <div
        className="MuiPaper-root MuiPaper-elevation1 MuiCard-root card MuiPaper-rounded"
      >
        <div
          className="MuiCardContent-root"
        >
          <div
            className="MuiBox-root MuiBox-root-79"
          >
            <p
              className="MuiTypography-root title MuiTypography-body1 MuiTypography-colorTextSecondary MuiTypography-gutterBottom"
            >
              13:00
            </p>
            <p
              className="MuiTypography-root title MuiTypography-body1 MuiTypography-colorTextSecondary MuiTypography-gutterBottom"
            >
              6/52
            </p>
          </div>
          <h2
            className="MuiTypography-root MuiTypography-h5"
          >
            Lorem ipsum dolor
          </h2>
          <p
            className="MuiTypography-root MuiTypography-body1 MuiTypography-colorTextSecondary"
          >
            Lorem ipsum dolor
          </p>
        </div>
      </div>
    </li>
    <li
      className="MuiListItem-root MuiListItem-gutters"
      disabled={false}
    >
      <div
        className="MuiPaper-root MuiPaper-elevation1 MuiCard-root card MuiPaper-rounded"
      >
        <div
          className="MuiCardContent-root"
        >
          <div
            className="MuiBox-root MuiBox-root-80"
          >
            <p
              className="MuiTypography-root title MuiTypography-body1 MuiTypography-colorTextSecondary MuiTypography-gutterBottom"
            >
              13:00
            </p>
            <p
              className="MuiTypography-root title MuiTypography-body1 MuiTypography-colorTextSecondary MuiTypography-gutterBottom"
            >
              6/52
            </p>
          </div>
          <h2
            className="MuiTypography-root MuiTypography-h5"
          >
            Lorem ipsum dolor
          </h2>
          <p
            className="MuiTypography-root MuiTypography-body1 MuiTypography-colorTextSecondary"
          >
            Lorem ipsum dolor
          </p>
        </div>
      </div>
    </li>
    <li
      className="MuiListItem-root MuiListItem-gutters"
      disabled={false}
    >
      <div
        className="MuiPaper-root MuiPaper-elevation1 MuiCard-root card MuiPaper-rounded"
      >
        <div
          className="MuiCardContent-root"
        >
          <div
            className="MuiBox-root MuiBox-root-81"
          >
            <p
              className="MuiTypography-root title MuiTypography-body1 MuiTypography-colorTextSecondary MuiTypography-gutterBottom"
            >
              13:00
            </p>
            <p
              className="MuiTypography-root title MuiTypography-body1 MuiTypography-colorTextSecondary MuiTypography-gutterBottom"
            >
              6/52
            </p>
          </div>
          <h2
            className="MuiTypography-root MuiTypography-h5"
          >
            Lorem ipsum dolor
          </h2>
          <p
            className="MuiTypography-root MuiTypography-body1 MuiTypography-colorTextSecondary"
          >
            Lorem ipsum dolor
          </p>
        </div>
      </div>
    </li>
    <li
      className="MuiListItem-root MuiListItem-gutters"
      disabled={false}
    >
      <div
        className="MuiPaper-root MuiPaper-elevation1 MuiCard-root card MuiPaper-rounded"
      >
        <div
          className="MuiCardContent-root"
        >
          <div
            className="MuiBox-root MuiBox-root-82"
          >
            <p
              className="MuiTypography-root title MuiTypography-body1 MuiTypography-colorTextSecondary MuiTypography-gutterBottom"
            >
              13:00
            </p>
            <p
              className="MuiTypography-root title MuiTypography-body1 MuiTypography-colorTextSecondary MuiTypography-gutterBottom"
            >
              6/52
            </p>
          </div>
          <h2
            className="MuiTypography-root MuiTypography-h5"
          >
            Lorem ipsum dolor
          </h2>
          <p
            className="MuiTypography-root MuiTypography-body1 MuiTypography-colorTextSecondary"
          >
            Lorem ipsum dolor
          </p>
        </div>
      </div>
    </li>
    <li
      className="MuiListItem-root MuiListItem-gutters"
      disabled={false}
    >
      <div
        className="MuiPaper-root MuiPaper-elevation1 MuiCard-root card MuiPaper-rounded"
      >
        <div
          className="MuiCardContent-root"
        >
          <div
            className="MuiBox-root MuiBox-root-83"
          >
            <p
              className="MuiTypography-root title MuiTypography-body1 MuiTypography-colorTextSecondary MuiTypography-gutterBottom"
            >
              13:00
            </p>
            <p
              className="MuiTypography-root title MuiTypography-body1 MuiTypography-colorTextSecondary MuiTypography-gutterBottom"
            >
              6/52
            </p>
          </div>
          <h2
            className="MuiTypography-root MuiTypography-h5"
          >
            Lorem ipsum dolor
          </h2>
          <p
            className="MuiTypography-root MuiTypography-body1 MuiTypography-colorTextSecondary"
          >
            Lorem ipsum dolor
          </p>
        </div>
      </div>
    </li>
    <li
      className="MuiListItem-root MuiListItem-gutters"
      disabled={false}
    >
      <div
        className="MuiPaper-root MuiPaper-elevation1 MuiCard-root card MuiPaper-rounded"
      >
        <div
          className="MuiCardContent-root"
        >
          <div
            className="MuiBox-root MuiBox-root-84"
          >
            <p
              className="MuiTypography-root title MuiTypography-body1 MuiTypography-colorTextSecondary MuiTypography-gutterBottom"
            >
              13:00
            </p>
            <p
              className="MuiTypography-root title MuiTypography-body1 MuiTypography-colorTextSecondary MuiTypography-gutterBottom"
            >
              6/52
            </p>
          </div>
          <h2
            className="MuiTypography-root MuiTypography-h5"
          >
            Lorem ipsum dolor
          </h2>
          <p
            className="MuiTypography-root MuiTypography-body1 MuiTypography-colorTextSecondary"
          >
            Lorem ipsum dolor
          </p>
        </div>
      </div>
    </li>
  </ul>
</div>
`;
