// Jest Snapshot v1, https://goo.gl/fbAQLP

exports[`Test clock component show valid time 1`] = `
<p
  className="MuiTypography-root MuiTypography-body1"
>
  Tue 14:01
</p>
`;
